[MONITOR] Backend CPU monitor started.
[MONITOR] Sampling backend-1, backend-2, backend-3 every 1 second.
[MONITOR] Press Ctrl+C to stop and save results.
[CPU] B1= 12.84% B2= 11.71% B3=  9.98% STD=  1.18%
[CPU] B1=  8.37% B2=  8.84% B3=  8.71% STD=  0.20%
[CPU] B1= 10.96% B2= 10.45% B3= 11.94% STD=  0.62%
[CPU] B1= 10.55% B2= 10.22% B3= 10.20% STD=  0.16%
[CPU] B1=  7.31% B2=  7.84% B3=  8.31% STD=  0.41%
[CPU] B1= 11.67% B2= 11.74% B3= 10.52% STD=  0.56%
[CPU] B1= 10.20% B2= 13.72% B3= 12.47% STD=  1.46%
[CPU] B1=  8.78% B2= 10.49% B3= 10.87% STD=  0.91%
[CPU] B1= 11.74% B2= 10.89% B3= 11.95% STD=  0.46%
[CPU] B1= 11.52% B2= 12.95% B3= 11.45% STD=  0.69%
[CPU] B1= 11.95% B2=  8.75% B3=  8.29% STD=  1.63%
[CPU] B1= 13.09% B2= 12.14% B3= 12.16% STD=  0.44%
[CPU] B1= 10.97% B2= 11.37% B3= 12.45% STD=  0.63%
[CPU] B1= 11.25% B2= 12.24% B3= 10.62% STD=  0.67%
[CPU] B1=  6.71% B2=  9.48% B3=  6.54% STD=  1.35%
[CPU] B1= 11.35% B2= 11.20% B3= 10.38% STD=  0.43%
[CPU] B1= 10.53% B2= 12.98% B3= 10.25% STD=  1.23%
[CPU] B1= 11.60% B2= 12.76% B3=  8.23% STD=  1.92%
[CPU] B1= 11.77% B2= 13.06% B3= 10.29% STD=  1.13%
[CPU] B1=  9.68% B2= 10.28% B3= 11.54% STD=  0.78%

============================================================
BACKEND CPU MONITOR SUMMARY
============================================================
Samples:             20
Average CPU:         10.72%
Average CPU STDDEV:  0.84%
Peak CPU STDDEV:     1.92%
Saved:               scripts/results/cpu/backend_cpu_20260928_080141.csv
============================================================
