[MONITOR] Backend CPU monitor started.
[MONITOR] Sampling backend-1, backend-2, backend-3 every 1 second.
[MONITOR] Press Ctrl+C to stop and save results.
[CPU] B1= 12.01% B2= 13.79% B3= 10.10% STD=  1.51%
[CPU] B1=  7.68% B2= 10.56% B3= 12.11% STD=  1.84%
[CPU] B1= 11.08% B2= 11.03% B3=  9.65% STD=  0.66%
[CPU] B1= 11.18% B2=  9.10% B3=  8.18% STD=  1.25%
[CPU] B1=  5.16% B2= 10.66% B3= 11.11% STD=  2.71%
[CPU] B1= 10.33% B2= 12.21% B3=  9.24% STD=  1.23%
[CPU] B1= 11.00% B2= 11.25% B3= 10.50% STD=  0.31%
[CPU] B1=  8.97% B2= 11.67% B3=  9.34% STD=  1.20%
[CPU] B1=  9.97% B2= 11.65% B3= 10.17% STD=  0.75%
[CPU] B1= 11.33% B2= 10.28% B3= 12.05% STD=  0.73%
[CPU] B1= 11.37% B2= 11.78% B3=  9.61% STD=  0.94%
[CPU] B1=  9.54% B2=  7.18% B3=  7.24% STD=  1.10%
[CPU] B1=  9.82% B2= 11.83% B3= 11.44% STD=  0.87%
[CPU] B1= 11.70% B2= 10.35% B3=  9.31% STD=  0.98%
[CPU] B1= 12.03% B2= 10.41% B3=  7.65% STD=  1.81%
[CPU] B1= 10.09% B2= 12.56% B3= 11.02% STD=  1.02%
[CPU] B1= 11.36% B2= 13.97% B3= 13.01% STD=  1.08%
[CPU] B1=  7.55% B2= 10.79% B3=  7.64% STD=  1.51%
[CPU] B1= 10.74% B2= 11.03% B3= 12.19% STD=  0.63%
[CPU] B1=  9.58% B2=  9.98% B3=  9.81% STD=  0.16%

============================================================
BACKEND CPU MONITOR SUMMARY
============================================================
Samples:             20
Average CPU:         10.43%
Average CPU STDDEV:  1.11%
Peak CPU STDDEV:     2.71%
Saved:               scripts/results/cpu/backend_cpu_20260928_080040.csv
============================================================
