[MONITOR] Backend CPU monitor started.
[MONITOR] Sampling backend-1, backend-2, backend-3 every 1 second.
[MONITOR] Press Ctrl+C to stop and save results.
[CPU] B1= 10.09% B2= 14.04% B3= 10.10% STD=  1.86%
[CPU] B1=  8.65% B2= 13.31% B3=  9.86% STD=  1.97%
[CPU] B1=  9.59% B2= 14.44% B3=  9.98% STD=  2.20%
[CPU] B1=  7.31% B2= 13.41% B3=  7.85% STD=  2.76%
[CPU] B1= 10.01% B2=  9.92% B3=  7.62% STD=  1.11%
[CPU] B1= 10.09% B2= 11.53% B3=  9.93% STD=  0.72%
[CPU] B1=  9.37% B2= 12.35% B3= 10.35% STD=  1.24%
[CPU] B1= 10.76% B2= 11.57% B3=  8.85% STD=  1.14%
[CPU] B1=  7.41% B2=  8.29% B3=  7.42% STD=  0.41%
[CPU] B1=  9.91% B2= 10.76% B3=  9.46% STD=  0.54%
[CPU] B1=  7.16% B2=  0.00% B3= 10.53% STD=  4.39%
[CPU] B1= 12.97% B2=  0.00% B3= 10.83% STD=  5.68%
[CPU] B1= 13.09% B2=  0.00% B3= 13.05% STD=  6.16%
[CPU] B1= 12.65% B2=  0.00% B3= 14.62% STD=  6.48%
[CPU] B1= 13.61% B2=  0.00% B3= 12.77% STD=  6.23%
[CPU] B1= 13.17% B2=  0.00% B3= 13.06% STD=  6.18%
[CPU] B1= 13.57% B2=  0.00% B3= 12.97% STD=  6.26%
[CPU] B1= 12.96% B2=  0.00% B3= 14.07% STD=  6.39%
[CPU] B1= 10.22% B2=  0.00% B3= 10.35% STD=  4.85%
[CPU] B1= 13.20% B2=  0.00% B3= 13.83% STD=  6.38%
[CPU] B1= 13.22% B2=  0.00% B3=  5.05% STD=  5.45%
[CPU] B1=  9.17% B2= 14.96% B3=  6.66% STD=  3.48%
[CPU] B1= 10.35% B2= 18.55% B3= 10.88% STD=  3.75%
[CPU] B1=  9.30% B2= 11.18% B3=  8.38% STD=  1.17%
[CPU] B1=  9.25% B2= 13.76% B3=  7.13% STD=  2.76%
[CPU] B1=  9.28% B2= 15.61% B3=  9.54% STD=  2.92%
[CPU] B1= 10.04% B2= 17.43% B3= 10.97% STD=  3.29%
[CPU] B1=  9.22% B2= 12.97% B3=  8.97% STD=  1.83%
[CPU] B1=  6.74% B2=  8.19% B3=  6.63% STD=  0.71%
[CPU] B1= 11.88% B2= 16.99% B3=  9.53% STD=  3.11%

============================================================
BACKEND CPU MONITOR SUMMARY
============================================================
Samples:             30
Average CPU:         9.61%
Average CPU STDDEV:  3.38%
Peak CPU STDDEV:     6.48%
Saved:               scripts/results/cpu/backend_cpu_20260928_082209.csv
============================================================
