[MONITOR] Backend CPU monitor started.
[MONITOR] Sampling backend-1, backend-2, backend-3 every 1 second.
[MONITOR] Press Ctrl+C to stop and save results.
[CPU] B1= 10.17% B2= 14.47% B3= 11.24% STD=  1.83%
[CPU] B1=  9.20% B2=  9.08% B3=  9.03% STD=  0.07%
[CPU] B1= 13.12% B2=  8.18% B3=  7.18% STD=  2.60%
[CPU] B1=  8.93% B2= 11.81% B3= 10.02% STD=  1.19%
[CPU] B1=  9.13% B2=  9.46% B3= 12.23% STD=  1.39%
[CPU] B1= 10.85% B2= 10.13% B3= 10.14% STD=  0.34%
[CPU] B1=  7.26% B2=  6.36% B3=  6.14% STD=  0.48%
[CPU] B1= 12.49% B2= 10.69% B3=  9.48% STD=  1.24%
[CPU] B1=  9.45% B2=  9.91% B3= 10.26% STD=  0.33%
[CPU] B1= 10.93% B2=  8.68% B3= 12.82% STD=  1.69%
[CPU] B1= 10.92% B2=  0.00% B3=  6.76% STD=  4.50%
[CPU] B1= 12.31% B2=  0.00% B3= 12.81% STD=  5.92%
[CPU] B1= 11.75% B2=  0.00% B3= 11.37% STD=  5.45%
[CPU] B1= 12.93% B2=  0.00% B3= 16.22% STD=  7.00%
[CPU] B1= 14.51% B2=  0.00% B3= 13.54% STD=  6.62%
[CPU] B1= 10.48% B2=  0.00% B3= 12.57% STD=  5.50%
[CPU] B1= 13.10% B2=  0.00% B3= 14.07% STD=  6.42%
[CPU] B1= 13.45% B2=  0.00% B3= 15.33% STD=  6.83%
[CPU] B1= 12.84% B2=  0.00% B3= 12.36% STD=  5.94%
[CPU] B1= 10.81% B2=  0.00% B3=  7.98% STD=  4.58%
[CPU] B1= 11.54% B2=  0.00% B3=  7.47% STD=  4.78%
[CPU] B1=  9.06% B2= 16.07% B3=  9.18% STD=  3.28%
[CPU] B1=  9.51% B2= 16.47% B3=  7.90% STD=  3.72%
[CPU] B1=  6.80% B2= 17.05% B3=  9.13% STD=  4.39%
[CPU] B1=  7.09% B2= 18.88% B3=  7.91% STD=  5.38%
[CPU] B1=  7.33% B2= 19.25% B3=  9.69% STD=  5.15%
[CPU] B1= 10.85% B2= 15.86% B3= 12.21% STD=  2.12%
[CPU] B1=  9.66% B2= 13.85% B3=  9.08% STD=  2.13%
[CPU] B1=  8.76% B2= 11.64% B3=  9.67% STD=  1.20%
[CPU] B1=  2.93% B2=  3.70% B3=  3.33% STD=  0.31%

============================================================
BACKEND CPU MONITOR SUMMARY
============================================================
Samples:             30
Average CPU:         9.41%
Average CPU STDDEV:  3.41%
Peak CPU STDDEV:     7.00%
Saved:               scripts/results/cpu/backend_cpu_20260928_081906.csv
============================================================
