[MONITOR] Backend CPU monitor started.
[MONITOR] Sampling backend-1, backend-2, backend-3 every 1 second.
[MONITOR] Press Ctrl+C to stop and save results.
[CPU] B1= 10.56% B2= 13.33% B3= 11.50% STD=  1.15%
[CPU] B1= 10.17% B2= 11.94% B3=  9.77% STD=  0.94%
[CPU] B1=  8.13% B2=  8.17% B3=  9.71% STD=  0.74%
[CPU] B1= 10.06% B2= 12.51% B3= 10.20% STD=  1.12%
[CPU] B1=  9.19% B2= 10.94% B3=  9.49% STD=  0.76%
[CPU] B1= 11.16% B2= 11.78% B3=  8.08% STD=  1.62%
[CPU] B1=  9.73% B2= 11.76% B3= 10.60% STD=  0.83%
[CPU] B1=  9.67% B2= 10.49% B3= 10.67% STD=  0.44%
[CPU] B1=  9.06% B2=  9.66% B3= 11.44% STD=  1.01%
[CPU] B1= 11.01% B2= 11.51% B3= 10.03% STD=  0.61%
[CPU] B1= 10.78% B2=  0.00% B3=  7.66% STD=  4.53%
[CPU] B1= 11.42% B2=  0.00% B3= 12.93% STD=  5.77%
[CPU] B1= 10.81% B2=  0.00% B3= 12.84% STD=  5.64%
[CPU] B1= 14.69% B2=  0.00% B3= 13.27% STD=  6.62%
[CPU] B1= 12.72% B2=  0.00% B3= 12.92% STD=  6.04%
[CPU] B1= 12.78% B2=  0.00% B3= 11.88% STD=  5.82%
[CPU] B1= 16.08% B2=  0.00% B3= 15.04% STD=  7.35%
[CPU] B1= 15.55% B2=  0.00% B3= 13.20% STD=  6.84%
[CPU] B1= 11.65% B2=  0.00% B3= 12.87% STD=  5.80%
[CPU] B1= 15.03% B2=  0.00% B3= 14.14% STD=  6.89%
[CPU] B1= 10.71% B2=  0.00% B3=  5.79% STD=  4.38%
[CPU] B1=  9.25% B2= 11.37% B3=  8.59% STD=  1.19%
[CPU] B1=  9.41% B2= 15.24% B3=  9.57% STD=  2.71%
[CPU] B1=  7.44% B2= 17.11% B3=  5.44% STD=  5.10%
[CPU] B1=  8.76% B2= 15.27% B3= 10.41% STD=  2.76%
[CPU] B1=  6.34% B2=  8.34% B3=  8.01% STD=  0.88%
[CPU] B1= 10.09% B2= 11.44% B3=  9.65% STD=  0.76%
[CPU] B1= 10.24% B2= 11.90% B3= 10.09% STD=  0.82%
[CPU] B1=  8.79% B2=  9.34% B3= 11.28% STD=  1.07%
[CPU] B1=  3.01% B2=  5.12% B3=  9.31% STD=  2.62%

============================================================
BACKEND CPU MONITOR SUMMARY
============================================================
Samples:             30
Average CPU:         9.42%
Average CPU STDDEV:  3.09%
Peak CPU STDDEV:     7.35%
Saved:               scripts/results/cpu/backend_cpu_20260928_082038.csv
============================================================
