[MONITOR] Backend CPU monitor started.
[MONITOR] Sampling backend-1, backend-2, backend-3 every 1 second.
[MONITOR] Press Ctrl+C to stop and save results.
[CPU] B1=  9.98% B2= 16.77% B3= 12.33% STD=  2.82%
[CPU] B1= 10.56% B2=  9.79% B3= 10.35% STD=  0.32%
[CPU] B1= 10.72% B2= 12.58% B3= 10.44% STD=  0.95%
[CPU] B1=  9.32% B2= 11.98% B3= 10.67% STD=  1.09%
[CPU] B1=  8.21% B2=  9.70% B3=  9.15% STD=  0.62%
[CPU] B1= 10.29% B2= 13.11% B3=  9.49% STD=  1.55%
[CPU] B1= 10.53% B2= 12.91% B3=  9.23% STD=  1.52%
[CPU] B1=  6.85% B2= 11.04% B3=  6.84% STD=  1.98%
[CPU] B1=  9.67% B2= 11.80% B3= 10.05% STD=  0.93%
[CPU] B1=  9.28% B2= 11.39% B3= 10.13% STD=  0.87%
[CPU] B1=  8.65% B2= 10.78% B3=  9.76% STD=  0.87%
[CPU] B1= 10.09% B2= 10.55% B3=  9.57% STD=  0.40%
[CPU] B1=  7.02% B2=  6.53% B3=  6.71% STD=  0.20%
[CPU] B1= 10.30% B2= 12.83% B3=  8.60% STD=  1.74%
[CPU] B1=  9.58% B2= 11.21% B3=  7.97% STD=  1.32%
[CPU] B1= 12.24% B2= 12.76% B3= 11.39% STD=  0.56%
[CPU] B1= 13.38% B2= 13.05% B3= 13.01% STD=  0.17%
[CPU] B1=  9.04% B2=  8.25% B3=  8.71% STD=  0.32%
[CPU] B1=  7.51% B2=  7.35% B3=  7.32% STD=  0.08%
[CPU] B1= 10.40% B2= 10.94% B3=  9.01% STD=  0.81%

============================================================
BACKEND CPU MONITOR SUMMARY
============================================================
Samples:             20
Average CPU:         10.16%
Average CPU STDDEV:  0.96%
Peak CPU STDDEV:     2.82%
Saved:               scripts/results/cpu/backend_cpu_20260928_082310.csv
============================================================
