[MONITOR] Backend CPU monitor started.
[MONITOR] Sampling backend-1, backend-2, backend-3 every 1 second.
[MONITOR] Press Ctrl+C to stop and save results.
[CPU] B1= 11.04% B2= 11.94% B3= 11.32% STD=  0.38%
[CPU] B1= 13.15% B2= 13.18% B3= 11.10% STD=  0.97%
[CPU] B1= 10.51% B2= 10.73% B3= 11.41% STD=  0.38%
[CPU] B1=  8.59% B2=  9.30% B3=  8.31% STD=  0.42%
[CPU] B1= 10.72% B2= 11.99% B3= 11.27% STD=  0.52%
[CPU] B1=  9.96% B2= 11.42% B3= 12.58% STD=  1.07%
[CPU] B1= 10.28% B2=  8.61% B3=  7.90% STD=  1.00%
[CPU] B1= 10.34% B2= 11.53% B3= 11.36% STD=  0.53%
[CPU] B1= 11.55% B2= 11.82% B3= 10.75% STD=  0.45%
[CPU] B1= 10.37% B2=  8.25% B3=  9.34% STD=  0.87%
[CPU] B1= 10.19% B2= 10.69% B3= 10.03% STD=  0.28%
[CPU] B1= 10.23% B2=  8.34% B3=  7.88% STD=  1.02%
[CPU] B1=  9.97% B2= 10.90% B3=  9.89% STD=  0.46%
[CPU] B1=  8.58% B2=  9.38% B3=  7.62% STD=  0.72%
[CPU] B1= 11.37% B2= 12.10% B3= 11.50% STD=  0.32%
[CPU] B1= 10.12% B2= 11.97% B3= 10.15% STD=  0.87%
[CPU] B1= 10.14% B2=  7.72% B3=  9.77% STD=  1.06%
[CPU] B1= 10.80% B2= 11.01% B3= 13.08% STD=  1.03%
[CPU] B1= 11.38% B2= 12.64% B3= 10.98% STD=  0.71%
[CPU] B1=  7.71% B2=  8.60% B3= 10.60% STD=  1.21%
[CPU] B1=  0.47% B2=  0.53% B3=  0.47% STD=  0.03%

============================================================
BACKEND CPU MONITOR SUMMARY
============================================================
Samples:             21
Average CPU:         9.96%
Average CPU STDDEV:  0.68%
Peak CPU STDDEV:     1.21%
Saved:               scripts/results/cpu/backend_cpu_20260928_082517.csv
============================================================
