[MONITOR] Backend CPU monitor started.
[MONITOR] Sampling backend-1, backend-2, backend-3 every 1 second.
[MONITOR] Press Ctrl+C to stop and save results.
[CPU] B1=  5.71% B2=  5.70% B3=  6.00% STD=  0.14%
[CPU] B1=  9.30% B2= 10.36% B3= 10.14% STD=  0.46%
[CPU] B1= 11.66% B2= 12.63% B3= 10.36% STD=  0.93%
[CPU] B1= 11.39% B2=  7.97% B3=  8.06% STD=  1.59%
[CPU] B1= 12.39% B2= 14.16% B3= 13.17% STD=  0.72%
[CPU] B1= 10.41% B2= 12.49% B3= 11.69% STD=  0.86%
[CPU] B1= 12.06% B2= 11.94% B3= 10.72% STD=  0.61%
[CPU] B1= 12.52% B2= 10.67% B3= 10.69% STD=  0.87%
[CPU] B1= 12.43% B2= 13.99% B3= 12.84% STD=  0.66%
[CPU] B1= 12.69% B2= 13.15% B3= 11.81% STD=  0.56%
[CPU] B1= 12.64% B2= 12.94% B3= 13.66% STD=  0.43%
[CPU] B1= 14.03% B2= 15.00% B3= 14.67% STD=  0.40%
[CPU] B1= 12.60% B2= 13.57% B3= 13.06% STD=  0.40%
[CPU] B1= 13.84% B2= 12.88% B3= 14.93% STD=  0.84%
[CPU] B1= 13.01% B2= 12.88% B3= 13.10% STD=  0.09%
[CPU] B1= 12.57% B2= 14.20% B3= 11.56% STD=  1.09%
[CPU] B1= 11.30% B2= 12.24% B3= 11.44% STD=  0.41%
[CPU] B1= 13.54% B2= 13.70% B3= 14.70% STD=  0.51%
[CPU] B1= 14.20% B2= 13.72% B3= 14.00% STD=  0.20%
[CPU] B1= 12.16% B2= 11.56% B3= 12.93% STD=  0.56%
[CPU] B1= 14.24% B2= 13.69% B3= 13.82% STD=  0.23%
[CPU] B1= 12.04% B2= 11.39% B3= 12.88% STD=  0.61%
[CPU] B1= 11.45% B2= 13.91% B3= 15.01% STD=  1.49%
[CPU] B1= 11.66% B2= 13.95% B3= 12.01% STD=  1.01%
[CPU] B1= 10.77% B2= 10.74% B3= 11.12% STD=  0.17%
[CPU] B1=  7.89% B2= 10.64% B3=  9.94% STD=  1.17%
[CPU] B1=  0.65% B2=  0.71% B3=  0.62% STD=  0.04%

============================================================
BACKEND CPU MONITOR SUMMARY
============================================================
Samples:             27
Average CPU:         11.66%
Average CPU STDDEV:  0.63%
Peak CPU STDDEV:     1.59%
Saved:               scripts/results/cpu/backend_cpu_20260928_080426.csv
============================================================
