[MONITOR] Backend CPU monitor started.
[MONITOR] Sampling backend-1, backend-2, backend-3 every 1 second.
[MONITOR] Press Ctrl+C to stop and save results.
[CPU] B1=  5.79% B2=  5.02% B3=  3.77% STD=  0.83%
[CPU] B1=  8.83% B2=  8.84% B3=  8.03% STD=  0.38%
[CPU] B1=  9.99% B2= 10.31% B3= 11.46% STD=  0.63%
[CPU] B1=  9.71% B2= 14.08% B3=  9.50% STD=  2.11%
[CPU] B1= 13.97% B2= 12.48% B3= 12.73% STD=  0.65%
[CPU] B1= 12.49% B2= 13.10% B3= 13.65% STD=  0.47%
[CPU] B1= 12.59% B2= 15.67% B3= 12.14% STD=  1.57%
[CPU] B1= 10.86% B2= 11.60% B3= 10.84% STD=  0.35%
[CPU] B1= 11.11% B2= 14.43% B3= 13.15% STD=  1.37%
[CPU] B1= 14.30% B2= 16.15% B3= 15.33% STD=  0.76%
[CPU] B1= 12.80% B2= 13.70% B3= 13.28% STD=  0.37%
[CPU] B1= 15.53% B2= 13.30% B3= 16.18% STD=  1.23%
[CPU] B1= 13.80% B2= 14.30% B3= 13.14% STD=  0.48%
[CPU] B1= 11.06% B2= 12.49% B3= 11.03% STD=  0.68%
[CPU] B1= 13.04% B2= 12.62% B3= 12.98% STD=  0.19%
[CPU] B1= 14.36% B2= 11.98% B3= 14.14% STD=  1.07%
[CPU] B1= 13.80% B2= 14.89% B3= 14.57% STD=  0.46%
[CPU] B1= 10.89% B2= 10.49% B3= 11.48% STD=  0.41%
[CPU] B1= 13.05% B2= 13.46% B3= 13.47% STD=  0.20%
[CPU] B1= 12.26% B2= 21.35% B3= 21.64% STD=  4.36%
[CPU] B1=  9.10% B2= 10.62% B3=  9.95% STD=  0.62%
[CPU] B1= 11.03% B2= 11.98% B3= 13.10% STD=  0.85%
[CPU] B1= 12.25% B2= 11.89% B3=  9.96% STD=  1.01%
[CPU] B1=  9.48% B2=  9.29% B3= 17.45% STD=  3.80%
[CPU] B1= 10.75% B2= 11.49% B3= 11.50% STD=  0.35%
[CPU] B1=  8.70% B2= 12.32% B3=  8.70% STD=  1.71%
[CPU] B1=  0.62% B2=  4.98% B3=  0.59% STD=  2.06%

============================================================
BACKEND CPU MONITOR SUMMARY
============================================================
Samples:             27
Average CPU:         11.84%
Average CPU STDDEV:  1.07%
Peak CPU STDDEV:     4.36%
Saved:               scripts/results/cpu/backend_cpu_20260928_080303.csv
============================================================
