[MONITOR] Backend CPU monitor started.
[MONITOR] Sampling backend-1, backend-2, backend-3 every 1 second.
[MONITOR] Press Ctrl+C to stop and save results.
[CPU] B1=  3.99% B2=  6.38% B3=  6.31% STD=  1.11%
[CPU] B1=  9.22% B2= 11.13% B3=  9.16% STD=  0.91%
[CPU] B1= 10.15% B2=  9.69% B3= 11.14% STD=  0.60%
[CPU] B1= 10.20% B2= 13.96% B3= 11.50% STD=  1.56%
[CPU] B1= 12.80% B2= 12.62% B3= 12.14% STD=  0.28%
[CPU] B1= 10.69% B2= 18.60% B3=  9.66% STD=  3.99%
[CPU] B1= 12.54% B2= 12.51% B3= 13.05% STD=  0.25%
[CPU] B1= 12.09% B2= 13.06% B3= 14.40% STD=  0.95%
[CPU] B1= 12.28% B2= 13.66% B3= 14.13% STD=  0.79%
[CPU] B1= 13.12% B2= 13.87% B3= 14.41% STD=  0.53%
[CPU] B1= 14.00% B2= 14.05% B3= 14.16% STD=  0.07%
[CPU] B1= 11.82% B2= 13.84% B3= 13.49% STD=  0.88%
[CPU] B1= 10.80% B2= 10.53% B3= 11.29% STD=  0.31%
[CPU] B1= 13.44% B2= 13.46% B3= 13.51% STD=  0.03%
[CPU] B1= 14.14% B2= 17.65% B3= 13.06% STD=  1.96%
[CPU] B1= 13.89% B2= 14.68% B3= 10.71% STD=  1.72%
[CPU] B1= 13.02% B2= 15.44% B3= 14.79% STD=  1.02%
[CPU] B1= 13.43% B2= 11.74% B3= 13.65% STD=  0.85%
[CPU] B1= 11.06% B2= 11.44% B3= 13.30% STD=  0.98%
[CPU] B1= 13.10% B2= 14.90% B3= 12.66% STD=  0.97%
[CPU] B1= 12.25% B2= 12.43% B3= 11.90% STD=  0.22%
[CPU] B1= 10.86% B2= 12.37% B3= 14.16% STD=  1.35%
[CPU] B1=  8.22% B2=  9.00% B3=  9.13% STD=  0.40%
[CPU] B1= 10.98% B2= 10.78% B3= 12.02% STD=  0.54%
[CPU] B1= 13.70% B2= 13.21% B3= 10.09% STD=  1.60%
[CPU] B1=  8.31% B2= 10.02% B3=  6.77% STD=  1.33%
[CPU] B1=  0.40% B2=  4.29% B3=  0.46% STD=  1.82%

============================================================
BACKEND CPU MONITOR SUMMARY
============================================================
Samples:             27
Average CPU:         11.69%
Average CPU STDDEV:  1.00%
Peak CPU STDDEV:     3.99%
Saved:               scripts/results/cpu/backend_cpu_20260928_080548.csv
============================================================
