[MONITOR] Backend CPU monitor started.
[MONITOR] Sampling backend-1, backend-2, backend-3 every 1 second.
[MONITOR] Press Ctrl+C to stop and save results.
[CPU] B1=  4.74% B2=  6.05% B3=  3.92% STD=  0.88%
[CPU] B1=  6.40% B2=  6.00% B3=  6.74% STD=  0.30%
[CPU] B1= 11.12% B2= 10.98% B3=  9.16% STD=  0.89%
[CPU] B1=  8.27% B2= 12.02% B3= 13.09% STD=  2.07%
[CPU] B1= 12.10% B2= 10.92% B3=  9.90% STD=  0.90%
[CPU] B1= 12.15% B2= 11.71% B3= 13.03% STD=  0.55%
[CPU] B1= 12.87% B2= 12.54% B3= 13.93% STD=  0.59%
[CPU] B1=  9.23% B2= 10.10% B3= 11.53% STD=  0.95%
[CPU] B1= 15.31% B2= 15.06% B3= 12.73% STD=  1.16%
[CPU] B1= 12.08% B2= 12.72% B3= 13.35% STD=  0.52%
[CPU] B1= 12.17% B2= 13.25% B3= 13.54% STD=  0.59%
[CPU] B1= 12.48% B2= 12.03% B3= 11.76% STD=  0.30%
[CPU] B1= 13.51% B2= 12.65% B3= 13.43% STD=  0.39%
[CPU] B1= 14.02% B2= 14.56% B3= 14.33% STD=  0.22%
[CPU] B1= 14.26% B2= 13.13% B3= 10.76% STD=  1.46%
[CPU] B1= 15.35% B2= 14.38% B3= 15.67% STD=  0.55%
[CPU] B1= 13.73% B2= 13.21% B3= 13.40% STD=  0.21%
[CPU] B1= 10.54% B2= 10.22% B3= 14.34% STD=  1.87%
[CPU] B1= 13.87% B2= 14.31% B3= 15.48% STD=  0.68%
[CPU] B1= 16.11% B2= 14.67% B3= 15.31% STD=  0.59%
[CPU] B1= 12.76% B2= 12.81% B3= 12.61% STD=  0.08%
[CPU] B1= 10.34% B2= 10.45% B3= 10.74% STD=  0.17%
[CPU] B1= 13.26% B2= 13.23% B3= 12.75% STD=  0.23%
[CPU] B1= 14.70% B2= 13.76% B3= 11.87% STD=  1.18%
[CPU] B1=  6.79% B2=  6.88% B3=  7.13% STD=  0.14%
[CPU] B1=  6.47% B2=  6.57% B3=  7.86% STD=  0.63%
[CPU] B1=  0.67% B2=  0.68% B3=  2.93% STD=  1.06%

============================================================
BACKEND CPU MONITOR SUMMARY
============================================================
Samples:             27
Average CPU:         11.38%
Average CPU STDDEV:  0.71%
Peak CPU STDDEV:     2.07%
Saved:               scripts/results/cpu/backend_cpu_20260928_082802.csv
============================================================
