[MONITOR] Backend CPU monitor started.
[MONITOR] Sampling backend-1, backend-2, backend-3 every 1 second.
[MONITOR] Press Ctrl+C to stop and save results.
[CPU] B1=  5.73% B2=  4.82% B3=  7.38% STD=  1.06%
[CPU] B1=  9.20% B2=  9.74% B3=  7.35% STD=  1.02%
[CPU] B1= 11.30% B2= 11.57% B3= 10.20% STD=  0.59%
[CPU] B1= 13.62% B2= 15.86% B3= 15.42% STD=  0.97%
[CPU] B1=  9.82% B2= 12.26% B3= 14.42% STD=  1.88%
[CPU] B1= 12.30% B2=  8.97% B3= 12.59% STD=  1.64%
[CPU] B1= 13.11% B2= 13.39% B3= 12.81% STD=  0.24%
[CPU] B1= 12.97% B2= 12.09% B3= 12.58% STD=  0.36%
[CPU] B1= 11.52% B2= 12.61% B3= 11.19% STD=  0.61%
[CPU] B1= 13.23% B2= 13.07% B3= 13.70% STD=  0.27%
[CPU] B1= 12.59% B2= 13.65% B3= 12.38% STD=  0.56%
[CPU] B1= 12.78% B2= 13.06% B3= 12.29% STD=  0.32%
[CPU] B1= 10.88% B2= 13.28% B3= 11.20% STD=  1.06%
[CPU] B1= 13.91% B2= 12.96% B3= 13.79% STD=  0.42%
[CPU] B1= 12.65% B2= 13.95% B3= 14.35% STD=  0.73%
[CPU] B1= 10.20% B2= 11.02% B3= 10.26% STD=  0.37%
[CPU] B1= 14.07% B2= 13.28% B3= 12.88% STD=  0.49%
[CPU] B1= 14.02% B2= 12.31% B3= 13.48% STD=  0.71%
[CPU] B1= 14.90% B2= 14.51% B3= 10.62% STD=  1.93%
[CPU] B1= 14.85% B2= 14.95% B3= 15.04% STD=  0.08%
[CPU] B1= 14.89% B2= 14.83% B3= 14.41% STD=  0.21%
[CPU] B1=  9.91% B2= 11.13% B3= 13.90% STD=  1.67%
[CPU] B1= 14.56% B2= 13.86% B3= 14.34% STD=  0.29%
[CPU] B1= 12.59% B2= 14.75% B3= 13.99% STD=  0.89%
[CPU] B1= 13.11% B2= 12.36% B3= 13.47% STD=  0.46%
[CPU] B1=  4.27% B2=  5.51% B3=  4.19% STD=  0.60%
[CPU] B1=  0.77% B2=  0.50% B3=  2.43% STD=  0.85%

============================================================
BACKEND CPU MONITOR SUMMARY
============================================================
Samples:             27
Average CPU:         11.79%
Average CPU STDDEV:  0.75%
Peak CPU STDDEV:     1.93%
Saved:               scripts/results/cpu/backend_cpu_20260928_082639.csv
============================================================
