[MONITOR] Backend CPU monitor started.
[MONITOR] Sampling backend-1, backend-2, backend-3 every 1 second.
[MONITOR] Press Ctrl+C to stop and save results.
[CPU] B1=  5.51% B2=  4.11% B3=  5.81% STD=  0.74%
[CPU] B1=  8.67% B2=  8.51% B3=  8.99% STD=  0.20%
[CPU] B1= 11.16% B2= 13.14% B3= 11.77% STD=  0.83%
[CPU] B1=  6.75% B2=  8.49% B3=  8.96% STD=  0.95%
[CPU] B1= 11.50% B2= 12.27% B3= 11.17% STD=  0.46%
[CPU] B1= 12.71% B2= 12.65% B3= 13.45% STD=  0.36%
[CPU] B1= 15.77% B2= 17.10% B3= 13.58% STD=  1.45%
[CPU] B1= 11.79% B2= 11.10% B3= 10.68% STD=  0.46%
[CPU] B1= 12.59% B2= 14.82% B3= 12.61% STD=  1.05%
[CPU] B1= 14.95% B2= 19.27% B3= 14.26% STD=  2.22%
[CPU] B1= 13.49% B2= 11.47% B3= 12.87% STD=  0.84%
[CPU] B1= 14.04% B2= 13.46% B3= 14.15% STD=  0.30%
[CPU] B1= 15.18% B2= 15.17% B3= 13.51% STD=  0.78%
[CPU] B1= 12.99% B2= 13.42% B3= 12.60% STD=  0.33%
[CPU] B1= 10.52% B2= 10.88% B3= 11.61% STD=  0.45%
[CPU] B1= 14.66% B2= 14.28% B3= 13.12% STD=  0.66%
[CPU] B1= 13.97% B2= 12.13% B3= 12.97% STD=  0.75%
[CPU] B1=  9.71% B2=  8.82% B3=  9.56% STD=  0.39%
[CPU] B1= 11.59% B2= 11.73% B3= 12.17% STD=  0.25%
[CPU] B1= 12.07% B2= 14.78% B3= 13.81% STD=  1.12%
[CPU] B1= 12.88% B2= 11.02% B3= 10.20% STD=  1.12%
[CPU] B1= 11.67% B2= 12.55% B3= 12.35% STD=  0.38%
[CPU] B1= 13.75% B2= 15.88% B3= 14.19% STD=  0.92%
[CPU] B1=  8.65% B2= 13.13% B3=  8.95% STD=  2.04%
[CPU] B1= 13.14% B2= 14.11% B3= 14.33% STD=  0.52%
[CPU] B1=  8.55% B2=  8.88% B3= 10.01% STD=  0.63%
[CPU] B1=  3.53% B2=  6.21% B3=  3.74% STD=  1.22%

============================================================
BACKEND CPU MONITOR SUMMARY
============================================================
Samples:             27
Average CPU:         11.76%
Average CPU STDDEV:  0.79%
Peak CPU STDDEV:     2.22%
Saved:               scripts/results/cpu/backend_cpu_20260928_082923.csv
============================================================
