[MONITOR] Backend CPU monitor started.
[MONITOR] Sampling backend-1, backend-2, backend-3 every 1 second.
[MONITOR] Press Ctrl+C to stop and save results.
[CPU] B1= 12.53% B2= 14.04% B3= 11.31% STD=  1.12%
[CPU] B1= 10.38% B2= 17.36% B3=  9.68% STD=  3.47%
[CPU] B1= 10.85% B2= 12.20% B3= 11.29% STD=  0.56%
[CPU] B1=  9.84% B2= 12.63% B3=  9.54% STD=  1.39%
[CPU] B1=  7.21% B2=  8.71% B3=  7.27% STD=  0.69%
[CPU] B1= 11.81% B2= 13.59% B3= 11.85% STD=  0.83%
[CPU] B1= 10.56% B2= 13.57% B3= 10.64% STD=  1.40%
[CPU] B1= 12.01% B2=  9.71% B3= 13.56% STD=  1.58%
[CPU] B1= 11.07% B2= 11.54% B3= 12.34% STD=  0.52%
[CPU] B1=  7.00% B2=  6.89% B3= 11.80% STD=  2.29%
[CPU] B1=  7.28% B2=  0.00% B3=  8.23% STD=  3.68%
[CPU] B1= 15.65% B2=  0.00% B3= 16.53% STD=  7.59%
[CPU] B1= 17.52% B2=  0.00% B3= 13.28% STD=  7.46%
[CPU] B1= 16.83% B2=  0.00% B3= 13.67% STD=  7.30%
[CPU] B1= 10.69% B2=  0.00% B3=  9.49% STD=  4.78%
[CPU] B1= 14.38% B2=  0.00% B3= 15.02% STD=  6.93%
[CPU] B1= 17.63% B2=  0.00% B3= 16.59% STD=  8.08%
[CPU] B1= 14.42% B2=  0.00% B3= 12.43% STD=  6.38%
[CPU] B1= 20.12% B2=  0.00% B3= 15.87% STD=  8.66%
[CPU] B1= 16.11% B2=  0.00% B3= 15.11% STD=  7.37%
[CPU] B1= 10.69% B2=  0.00% B3=  8.65% STD=  4.63%
[CPU] B1= 10.56% B2= 14.98% B3=  9.91% STD=  2.25%
[CPU] B1= 10.27% B2= 17.13% B3= 11.10% STD=  3.06%
[CPU] B1= 13.37% B2= 13.68% B3=  6.57% STD=  3.28%
[CPU] B1= 10.49% B2= 18.39% B3=  9.87% STD=  3.88%
[CPU] B1=  9.85% B2= 17.77% B3=  9.73% STD=  3.76%
[CPU] B1= 13.88% B2= 14.42% B3=  9.54% STD=  2.18%
[CPU] B1=  7.84% B2= 12.34% B3=  7.93% STD=  2.10%
[CPU] B1= 11.77% B2= 14.71% B3= 10.61% STD=  1.73%
[CPU] B1= 10.88% B2=  5.01% B3=  4.96% STD=  2.78%

============================================================
BACKEND CPU MONITOR SUMMARY
============================================================
Samples:             30
Average CPU:         10.52%
Average CPU STDDEV:  3.72%
Peak CPU STDDEV:     8.66%
Saved:               scripts/results/cpu/backend_cpu_20260928_080852.csv
============================================================
