[MONITOR] Backend CPU monitor started.
[MONITOR] Sampling backend-1, backend-2, backend-3 every 1 second.
[MONITOR] Press Ctrl+C to stop and save results.
[CPU] B1=  7.73% B2= 10.89% B3=  7.67% STD=  1.50%
[CPU] B1= 10.47% B2= 14.15% B3=  9.93% STD=  1.88%
[CPU] B1= 10.45% B2= 12.60% B3= 10.58% STD=  0.98%
[CPU] B1=  8.55% B2=  9.07% B3= 10.11% STD=  0.65%
[CPU] B1= 11.03% B2= 12.20% B3= 12.40% STD=  0.60%
[CPU] B1= 10.20% B2= 13.76% B3=  9.56% STD=  1.85%
[CPU] B1=  8.26% B2= 10.03% B3= 11.14% STD=  1.19%
[CPU] B1= 11.06% B2= 11.83% B3= 10.89% STD=  0.41%
[CPU] B1= 11.61% B2= 10.99% B3= 11.73% STD=  0.32%
[CPU] B1= 10.12% B2= 12.06% B3=  9.99% STD=  0.95%
[CPU] B1= 10.52% B2=  0.00% B3=  7.22% STD=  4.39%
[CPU] B1= 14.37% B2=  0.00% B3= 15.13% STD=  6.96%
[CPU] B1= 14.45% B2=  0.00% B3= 15.10% STD=  6.97%
[CPU] B1= 11.18% B2=  0.00% B3= 16.06% STD=  6.72%
[CPU] B1= 14.71% B2=  0.00% B3= 15.13% STD=  7.04%
[CPU] B1= 15.75% B2=  0.00% B3= 15.46% STD=  7.36%
[CPU] B1= 15.82% B2=  0.00% B3= 13.42% STD=  6.96%
[CPU] B1= 15.11% B2=  0.00% B3= 16.31% STD=  7.42%
[CPU] B1= 10.97% B2=  0.00% B3= 15.02% STD=  6.35%
[CPU] B1= 14.36% B2=  0.00% B3= 14.81% STD=  6.88%
[CPU] B1=  7.32% B2=  0.00% B3=  7.35% STD=  3.46%
[CPU] B1= 10.79% B2= 15.55% B3=  9.39% STD=  2.64%
[CPU] B1= 10.81% B2= 15.22% B3= 10.89% STD=  2.06%
[CPU] B1=  4.78% B2=  9.22% B3=  4.80% STD=  2.09%
[CPU] B1= 10.13% B2= 15.71% B3=  9.99% STD=  2.66%
[CPU] B1=  9.08% B2= 15.79% B3= 11.22% STD=  2.80%
[CPU] B1= 10.26% B2= 12.31% B3=  9.73% STD=  1.11%
[CPU] B1= 12.37% B2= 15.16% B3= 12.00% STD=  1.41%
[CPU] B1= 13.52% B2= 13.42% B3= 12.24% STD=  0.58%
[CPU] B1=  3.04% B2= 17.31% B3=  3.34% STD=  6.66%

============================================================
BACKEND CPU MONITOR SUMMARY
============================================================
Samples:             30
Average CPU:         10.16%
Average CPU STDDEV:  3.43%
Peak CPU STDDEV:     7.42%
Saved:               scripts/results/cpu/backend_cpu_20260928_081024.csv
============================================================
