[MONITOR] Backend CPU monitor started.
[MONITOR] Sampling backend-1, backend-2, backend-3 every 1 second.
[MONITOR] Press Ctrl+C to stop and save results.
[CPU] B1=  9.68% B2=  8.88% B3= 10.78% STD=  0.78%
[CPU] B1=  9.33% B2=  8.38% B3=  8.47% STD=  0.43%
[CPU] B1=  9.22% B2=  9.93% B3= 10.03% STD=  0.36%
[CPU] B1= 11.11% B2= 10.49% B3= 10.11% STD=  0.41%
[CPU] B1=  9.13% B2=  9.41% B3= 10.00% STD=  0.36%
[CPU] B1= 10.67% B2= 10.97% B3= 10.46% STD=  0.21%
[CPU] B1= 12.11% B2= 10.53% B3= 11.09% STD=  0.65%
[CPU] B1= 11.19% B2= 12.84% B3= 12.64% STD=  0.74%
[CPU] B1=  6.94% B2=  7.36% B3=  9.15% STD=  0.96%
[CPU] B1= 12.98% B2= 10.57% B3=  9.94% STD=  1.31%
[CPU] B1= 10.63% B2=  0.00% B3=  9.79% STD=  4.83%
[CPU] B1= 16.95% B2=  0.00% B3= 12.73% STD=  7.20%
[CPU] B1= 15.67% B2=  0.00% B3= 15.64% STD=  7.38%
[CPU] B1= 15.84% B2=  0.00% B3= 14.28% STD=  7.13%
[CPU] B1= 14.96% B2=  0.00% B3= 11.52% STD=  6.40%
[CPU] B1= 13.78% B2=  0.00% B3= 13.96% STD=  6.54%
[CPU] B1= 14.58% B2=  0.00% B3= 13.23% STD=  6.58%
[CPU] B1= 15.19% B2=  0.00% B3= 13.34% STD=  6.77%
[CPU] B1= 15.30% B2=  0.00% B3= 16.49% STD=  7.51%
[CPU] B1= 15.18% B2=  0.00% B3= 14.24% STD=  6.94%
[CPU] B1= 10.95% B2=  0.00% B3=  9.22% STD=  4.81%
[CPU] B1=  7.46% B2= 14.38% B3=  7.65% STD=  3.22%
[CPU] B1= 11.58% B2= 16.32% B3=  9.56% STD=  2.83%
[CPU] B1=  8.32% B2= 17.52% B3= 11.39% STD=  3.82%
[CPU] B1= 12.37% B2= 16.93% B3= 11.42% STD=  2.40%
[CPU] B1= 11.04% B2= 18.69% B3=  8.66% STD=  4.28%
[CPU] B1= 11.00% B2= 14.51% B3=  9.07% STD=  2.25%
[CPU] B1=  8.66% B2= 16.04% B3= 10.48% STD=  3.14%
[CPU] B1= 11.02% B2= 14.61% B3= 10.73% STD=  1.76%
[CPU] B1=  6.49% B2=  6.39% B3=  8.40% STD=  0.92%

============================================================
BACKEND CPU MONITOR SUMMARY
============================================================
Samples:             30
Average CPU:         10.21%
Average CPU STDDEV:  3.43%
Peak CPU STDDEV:     7.51%
Saved:               scripts/results/cpu/backend_cpu_20260928_080720.csv
============================================================
