[MONITOR] Backend CPU monitor started.
[MONITOR] Sampling backend-1, backend-2, backend-3 every 1 second.
[MONITOR] Press Ctrl+C to stop and save results.
[CPU] B1=  9.48% B2=  8.52% B3=  8.51% STD=  0.45%
[CPU] B1= 10.66% B2= 11.03% B3=  9.96% STD=  0.44%
[CPU] B1= 10.61% B2= 11.84% B3= 10.48% STD=  0.61%
[CPU] B1=  9.52% B2=  9.88% B3=  7.76% STD=  0.93%
[CPU] B1= 12.46% B2= 11.10% B3= 10.57% STD=  0.80%
[CPU] B1= 10.01% B2=  9.73% B3= 10.41% STD=  0.28%
[CPU] B1=  9.55% B2=  8.56% B3= 10.08% STD=  0.63%
[CPU] B1= 10.52% B2= 12.23% B3= 11.93% STD=  0.75%
[CPU] B1=  7.91% B2=  7.70% B3= 10.69% STD=  1.36%
[CPU] B1=  7.37% B2=  9.69% B3= 10.52% STD=  1.33%
[CPU] B1=  2.84% B2=  0.00% B3=  2.91% STD=  1.36%
[CPU] B1= 13.33% B2=  0.00% B3= 13.85% STD=  6.41%
[CPU] B1= 13.81% B2=  0.00% B3= 15.71% STD=  7.00%
[CPU] B1= 12.83% B2=  0.00% B3= 11.29% STD=  5.72%
[CPU] B1= 13.48% B2=  0.00% B3= 13.21% STD=  6.29%
[CPU] B1= 12.84% B2=  0.00% B3= 14.78% STD=  6.56%
[CPU] B1= 11.18% B2=  0.00% B3= 15.14% STD=  6.41%
[CPU] B1= 15.62% B2=  0.00% B3= 14.54% STD=  7.12%
[CPU] B1= 14.22% B2=  0.00% B3= 15.29% STD=  6.97%
[CPU] B1= 14.24% B2=  0.00% B3= 10.47% STD=  6.02%
[CPU] B1= 11.00% B2=  0.00% B3= 10.54% STD=  5.08%
[CPU] B1= 10.02% B2= 17.19% B3= 10.23% STD=  3.33%
[CPU] B1=  9.55% B2= 19.31% B3=  9.73% STD=  4.56%
[CPU] B1=  4.29% B2=  6.33% B3=  4.07% STD=  1.02%
[CPU] B1=  9.99% B2= 19.52% B3=  9.76% STD=  4.55%
[CPU] B1=  9.66% B2= 18.34% B3= 12.03% STD=  3.66%
[CPU] B1=  7.83% B2= 10.15% B3=  7.88% STD=  1.08%
[CPU] B1= 10.04% B2= 18.88% B3=  9.41% STD=  4.32%
[CPU] B1=  7.00% B2= 13.20% B3=  8.77% STD=  2.61%
[CPU] B1=  3.84% B2=  4.80% B3=  7.95% STD=  1.76%

============================================================
BACKEND CPU MONITOR SUMMARY
============================================================
Samples:             30
Average CPU:         9.47%
Average CPU STDDEV:  3.31%
Peak CPU STDDEV:     7.12%
Saved:               scripts/results/cpu/backend_cpu_20260928_083055.csv
============================================================
