[MONITOR] Backend CPU monitor started.
[MONITOR] Sampling backend-1, backend-2, backend-3 every 1 second.
[MONITOR] Press Ctrl+C to stop and save results.
[CPU] B1= 10.04% B2= 12.38% B3= 11.19% STD=  0.96%
[CPU] B1=  8.81% B2= 13.93% B3=  8.92% STD=  2.39%
[CPU] B1=  7.32% B2=  8.40% B3=  8.13% STD=  0.46%
[CPU] B1=  9.27% B2= 10.90% B3= 10.48% STD=  0.69%
[CPU] B1= 10.50% B2= 10.80% B3=  9.10% STD=  0.74%
[CPU] B1=  8.71% B2=  8.00% B3=  8.88% STD=  0.38%
[CPU] B1=  8.33% B2= 12.55% B3=  8.97% STD=  1.86%
[CPU] B1=  8.83% B2=  7.80% B3= 10.07% STD=  0.93%
[CPU] B1=  8.79% B2=  7.90% B3=  7.22% STD=  0.64%
[CPU] B1=  7.69% B2=  8.87% B3=  7.49% STD=  0.61%
[CPU] B1= 11.17% B2=  0.00% B3=  6.89% STD=  4.60%
[CPU] B1= 13.95% B2=  0.00% B3= 11.20% STD=  6.03%
[CPU] B1=  9.12% B2=  0.00% B3=  9.54% STD=  4.40%
[CPU] B1= 12.83% B2=  0.00% B3= 12.87% STD=  6.06%
[CPU] B1= 14.80% B2=  0.00% B3= 12.59% STD=  6.52%
[CPU] B1=  6.79% B2=  0.00% B3=  7.04% STD=  3.26%
[CPU] B1= 13.72% B2=  0.00% B3= 12.30% STD=  6.16%
[CPU] B1= 12.54% B2=  0.00% B3= 11.90% STD=  5.77%
[CPU] B1= 13.56% B2=  0.00% B3=  9.96% STD=  5.74%
[CPU] B1= 12.33% B2=  0.00% B3= 12.30% STD=  5.81%
[CPU] B1=  7.29% B2=  0.00% B3= 13.57% STD=  5.55%
[CPU] B1=  9.20% B2= 16.41% B3=  8.97% STD=  3.45%
[CPU] B1=  6.30% B2= 10.53% B3=  5.58% STD=  2.18%
[CPU] B1= 10.20% B2= 15.84% B3= 10.96% STD=  2.50%
[CPU] B1=  8.97% B2= 15.18% B3=  9.23% STD=  2.87%
[CPU] B1=  9.72% B2= 11.80% B3=  8.94% STD=  1.21%
[CPU] B1=  9.17% B2= 13.80% B3= 10.03% STD=  2.01%
[CPU] B1= 10.37% B2=  8.92% B3=  8.92% STD=  0.68%
[CPU] B1=  7.77% B2=  9.41% B3=  8.60% STD=  0.67%
[CPU] B1=  7.44% B2= 15.07% B3=  7.84% STD=  3.51%

============================================================
BACKEND CPU MONITOR SUMMARY
============================================================
Samples:             30
Average CPU:         8.93%
Average CPU STDDEV:  2.95%
Peak CPU STDDEV:     6.52%
Saved:               scripts/results/cpu/backend_cpu_20260928_083357.csv
============================================================
