[MONITOR] Backend CPU monitor started.
[MONITOR] Sampling backend-1, backend-2, backend-3 every 1 second.
[MONITOR] Press Ctrl+C to stop and save results.
[CPU] B1= 11.26% B2= 13.54% B3=  8.28% STD=  2.15%
[CPU] B1= 10.84% B2= 15.10% B3= 10.97% STD=  1.98%
[CPU] B1=  8.52% B2= 10.84% B3=  7.62% STD=  1.36%
[CPU] B1= 11.57% B2= 12.30% B3= 11.72% STD=  0.31%
[CPU] B1= 13.23% B2= 12.50% B3= 11.45% STD=  0.73%
[CPU] B1= 10.87% B2= 12.14% B3=  9.94% STD=  0.90%
[CPU] B1=  6.71% B2=  8.17% B3=  7.94% STD=  0.64%
[CPU] B1= 11.06% B2= 11.32% B3= 10.05% STD=  0.55%
[CPU] B1= 10.37% B2= 12.20% B3= 11.33% STD=  0.75%
[CPU] B1=  9.18% B2= 11.55% B3=  9.05% STD=  1.15%
[CPU] B1= 12.63% B2=  0.00% B3=  7.60% STD=  5.19%
[CPU] B1= 12.95% B2=  0.00% B3= 13.81% STD=  6.32%
[CPU] B1= 11.14% B2=  0.00% B3= 12.52% STD=  5.61%
[CPU] B1= 13.49% B2=  0.00% B3= 13.69% STD=  6.41%
[CPU] B1= 13.26% B2=  0.00% B3= 14.14% STD=  6.47%
[CPU] B1= 13.52% B2=  0.00% B3= 13.28% STD=  6.32%
[CPU] B1= 13.29% B2=  0.00% B3= 13.72% STD=  6.37%
[CPU] B1= 13.12% B2=  0.00% B3= 13.09% STD=  6.18%
[CPU] B1= 13.48% B2=  0.00% B3= 13.56% STD=  6.37%
[CPU] B1=  9.69% B2=  0.00% B3=  9.28% STD=  4.47%
[CPU] B1=  5.44% B2=  0.00% B3= 11.45% STD=  4.68%
[CPU] B1=  9.47% B2= 17.28% B3=  9.42% STD=  3.69%
[CPU] B1=  8.16% B2= 16.20% B3=  6.70% STD=  4.18%
[CPU] B1=  6.14% B2= 11.20% B3=  8.82% STD=  2.07%
[CPU] B1= 10.24% B2= 22.65% B3=  8.47% STD=  6.31%
[CPU] B1=  8.49% B2= 16.17% B3=  7.12% STD=  3.98%
[CPU] B1=  8.94% B2= 14.36% B3=  9.09% STD=  2.52%
[CPU] B1=  8.48% B2= 12.67% B3=  9.92% STD=  1.74%
[CPU] B1=  9.61% B2= 11.84% B3=  9.27% STD=  1.14%
[CPU] B1=  4.13% B2=  4.20% B3=  4.36% STD=  0.10%

============================================================
BACKEND CPU MONITOR SUMMARY
============================================================
Samples:             30
Average CPU:         9.59%
Average CPU STDDEV:  3.35%
Peak CPU STDDEV:     6.47%
Saved:               scripts/results/cpu/backend_cpu_20260928_083227.csv
============================================================
