[MONITOR] Backend CPU monitor started.
[MONITOR] Sampling backend-1, backend-2, backend-3 every 1 second.
[MONITOR] Press Ctrl+C to stop and save results.
[CPU] B1= 12.65% B2= 15.36% B3= 11.37% STD=  1.66%
[CPU] B1= 10.12% B2= 18.09% B3=  9.99% STD=  3.79%
[CPU] B1= 10.67% B2= 13.05% B3= 10.75% STD=  1.10%
[CPU] B1=  6.65% B2=  9.01% B3=  6.21% STD=  1.23%
[CPU] B1= 11.69% B2= 13.48% B3= 11.43% STD=  0.91%
[CPU] B1= 11.30% B2= 12.98% B3= 11.80% STD=  0.70%
[CPU] B1= 10.20% B2= 13.73% B3= 10.91% STD=  1.52%
[CPU] B1= 11.43% B2= 13.45% B3= 11.58% STD=  0.92%
[CPU] B1= 11.59% B2= 12.34% B3=  7.39% STD=  2.18%
[CPU] B1= 10.32% B2= 10.56% B3=  9.71% STD=  0.36%
[CPU] B1= 10.54% B2= 14.32% B3= 12.13% STD=  1.55%
[CPU] B1= 10.15% B2= 13.06% B3= 14.53% STD=  1.82%
[CPU] B1=  7.90% B2=  9.60% B3= 10.70% STD=  1.15%
[CPU] B1= 11.55% B2= 13.21% B3= 11.53% STD=  0.79%
[CPU] B1= 12.79% B2= 13.01% B3= 11.04% STD=  0.88%
[CPU] B1= 11.24% B2= 11.78% B3= 11.41% STD=  0.23%
[CPU] B1=  7.83% B2=  9.37% B3=  9.30% STD=  0.71%
[CPU] B1= 12.62% B2= 11.93% B3= 11.31% STD=  0.54%
[CPU] B1= 11.22% B2= 12.65% B3= 11.03% STD=  0.72%
[CPU] B1= 11.30% B2= 12.89% B3=  8.21% STD=  1.94%

============================================================
BACKEND CPU MONITOR SUMMARY
============================================================
Samples:             20
Average CPU:         11.33%
Average CPU STDDEV:  1.24%
Peak CPU STDDEV:     3.79%
Saved:               scripts/results/cpu/backend_cpu_20260928_081125.csv
============================================================
