[MONITOR] Backend CPU monitor started.
[MONITOR] Sampling backend-1, backend-2, backend-3 every 1 second.
[MONITOR] Press Ctrl+C to stop and save results.
[CPU] B1= 13.24% B2= 12.09% B3= 10.85% STD=  0.98%
[CPU] B1= 10.77% B2= 12.21% B3= 12.00% STD=  0.64%
[CPU] B1=  6.73% B2=  8.02% B3=  6.98% STD=  0.56%
[CPU] B1= 12.42% B2= 13.06% B3= 10.57% STD=  1.06%
[CPU] B1= 13.05% B2= 11.77% B3= 11.25% STD=  0.76%
[CPU] B1= 10.69% B2= 12.44% B3=  8.59% STD=  1.57%
[CPU] B1= 11.99% B2= 12.13% B3= 10.79% STD=  0.60%
[CPU] B1= 13.64% B2=  7.85% B3= 11.69% STD=  2.41%
[CPU] B1=  9.84% B2=  9.49% B3= 11.51% STD=  0.88%
[CPU] B1= 13.67% B2= 11.25% B3= 10.46% STD=  1.37%
[CPU] B1= 10.29% B2=  9.81% B3=  9.41% STD=  0.36%
[CPU] B1= 11.09% B2= 10.56% B3= 10.64% STD=  0.23%
[CPU] B1=  7.21% B2=  8.57% B3=  7.31% STD=  0.62%
[CPU] B1= 11.55% B2= 11.37% B3= 11.42% STD=  0.08%
[CPU] B1= 12.17% B2= 14.16% B3= 11.51% STD=  1.13%
[CPU] B1= 11.43% B2=  9.24% B3= 11.33% STD=  1.01%
[CPU] B1= 11.90% B2= 12.88% B3= 14.00% STD=  0.86%
[CPU] B1= 12.51% B2= 12.46% B3= 11.15% STD=  0.63%
[CPU] B1= 10.17% B2= 11.96% B3= 10.33% STD=  0.81%
[CPU] B1=  9.86% B2= 11.43% B3= 11.21% STD=  0.69%

============================================================
BACKEND CPU MONITOR SUMMARY
============================================================
Samples:             20
Average CPU:         11.00%
Average CPU STDDEV:  0.86%
Peak CPU STDDEV:     2.41%
Saved:               scripts/results/cpu/backend_cpu_20260928_081327.csv
============================================================
