[MONITOR] Backend CPU monitor started.
[MONITOR] Sampling backend-1, backend-2, backend-3 every 1 second.
[MONITOR] Press Ctrl+C to stop and save results.
[CPU] B1=  7.15% B2=  5.44% B3=  6.67% STD=  0.72%
[CPU] B1=  8.16% B2=  9.27% B3=  7.37% STD=  0.78%
[CPU] B1= 12.57% B2= 12.61% B3= 12.87% STD=  0.13%
[CPU] B1= 12.89% B2= 10.74% B3= 11.12% STD=  0.94%
[CPU] B1=  8.96% B2= 10.77% B3= 11.83% STD=  1.18%
[CPU] B1= 12.47% B2= 11.45% B3= 11.72% STD=  0.43%
[CPU] B1= 11.33% B2= 11.96% B3= 12.20% STD=  0.37%
[CPU] B1= 12.33% B2= 11.38% B3= 12.18% STD=  0.42%
[CPU] B1= 13.44% B2= 13.23% B3= 14.87% STD=  0.73%
[CPU] B1= 13.58% B2= 15.43% B3= 12.83% STD=  1.09%
[CPU] B1= 11.29% B2= 13.69% B3= 13.34% STD=  1.06%
[CPU] B1= 12.63% B2= 12.40% B3= 13.01% STD=  0.25%
[CPU] B1= 13.16% B2= 13.00% B3= 12.20% STD=  0.42%
[CPU] B1= 14.69% B2= 12.74% B3= 11.61% STD=  1.27%
[CPU] B1=  9.96% B2= 11.73% B3= 10.53% STD=  0.74%
[CPU] B1= 13.29% B2= 13.87% B3= 15.26% STD=  0.83%
[CPU] B1= 11.85% B2= 11.81% B3= 13.47% STD=  0.77%
[CPU] B1= 11.12% B2= 12.79% B3= 12.71% STD=  0.77%
[CPU] B1= 12.42% B2= 14.75% B3= 13.53% STD=  0.95%
[CPU] B1= 11.88% B2= 11.80% B3= 12.79% STD=  0.45%
[CPU] B1= 10.61% B2= 11.40% B3= 13.79% STD=  1.35%
[CPU] B1= 11.65% B2= 14.18% B3= 13.02% STD=  1.03%
[CPU] B1= 11.85% B2= 11.78% B3= 10.21% STD=  0.76%
[CPU] B1= 11.83% B2= 11.06% B3= 11.56% STD=  0.32%
[CPU] B1=  7.43% B2=  8.22% B3=  7.39% STD=  0.38%
[CPU] B1= 12.79% B2=  9.17% B3= 10.02% STD=  1.55%
[CPU] B1=  0.42% B2=  0.40% B3=  4.03% STD=  1.71%

============================================================
BACKEND CPU MONITOR SUMMARY
============================================================
Samples:             27
Average CPU:         11.37%
Average CPU STDDEV:  0.79%
Peak CPU STDDEV:     1.71%
Saved:               scripts/results/cpu/backend_cpu_20260928_081612.csv
============================================================
