[MONITOR] Backend CPU monitor started.
[MONITOR] Sampling backend-1, backend-2, backend-3 every 1 second.
[MONITOR] Press Ctrl+C to stop and save results.
[CPU] B1=  6.00% B2=  6.31% B3=  3.81% STD=  1.11%
[CPU] B1=  8.75% B2=  9.39% B3= 10.38% STD=  0.67%
[CPU] B1= 11.12% B2=  9.51% B3= 10.73% STD=  0.69%
[CPU] B1= 10.28% B2=  9.96% B3= 13.38% STD=  1.54%
[CPU] B1= 16.40% B2= 16.30% B3= 13.52% STD=  1.33%
[CPU] B1= 12.60% B2= 13.83% B3= 13.98% STD=  0.62%
[CPU] B1= 10.27% B2= 11.62% B3= 13.88% STD=  1.49%
[CPU] B1= 13.42% B2= 14.02% B3= 13.62% STD=  0.25%
[CPU] B1= 15.06% B2= 12.34% B3= 14.29% STD=  1.14%
[CPU] B1= 14.98% B2= 13.33% B3= 15.06% STD=  0.80%
[CPU] B1= 11.35% B2= 11.20% B3= 13.28% STD=  0.95%
[CPU] B1= 14.27% B2= 15.64% B3= 14.18% STD=  0.67%
[CPU] B1= 10.97% B2= 13.47% B3= 12.66% STD=  1.04%
[CPU] B1= 11.40% B2= 15.01% B3= 13.19% STD=  1.47%
[CPU] B1= 13.46% B2= 14.06% B3= 15.42% STD=  0.82%
[CPU] B1= 15.77% B2= 14.64% B3= 13.36% STD=  0.98%
[CPU] B1= 12.42% B2= 12.74% B3= 11.21% STD=  0.66%
[CPU] B1= 14.16% B2= 16.06% B3= 14.34% STD=  0.86%
[CPU] B1= 13.61% B2= 13.72% B3= 13.97% STD=  0.15%
[CPU] B1= 14.52% B2= 12.80% B3= 13.91% STD=  0.71%
[CPU] B1=  9.05% B2= 11.75% B3=  9.20% STD=  1.24%
[CPU] B1= 13.37% B2= 14.21% B3= 13.05% STD=  0.49%
[CPU] B1= 12.61% B2= 14.27% B3= 12.25% STD=  0.88%
[CPU] B1=  8.93% B2=  9.55% B3= 10.53% STD=  0.66%
[CPU] B1= 12.45% B2= 12.53% B3= 11.44% STD=  0.50%
[CPU] B1=  7.89% B2=  7.04% B3=  8.64% STD=  0.65%
[CPU] B1=  0.89% B2=  2.68% B3=  0.60% STD=  0.92%

============================================================
BACKEND CPU MONITOR SUMMARY
============================================================
Samples:             27
Average CPU:         11.95%
Average CPU STDDEV:  0.86%
Peak CPU STDDEV:     1.54%
Saved:               scripts/results/cpu/backend_cpu_20260928_081734.csv
============================================================
