[MONITOR] Backend CPU monitor started.
[MONITOR] Sampling backend-1, backend-2, backend-3 every 1 second.
[MONITOR] Press Ctrl+C to stop and save results.
[CPU] B1=  6.33% B2=  8.35% B3=  5.57% STD=  1.17%
[CPU] B1=  8.05% B2=  7.62% B3=  9.21% STD=  0.67%
[CPU] B1= 12.96% B2= 13.76% B3= 12.41% STD=  0.55%
[CPU] B1= 13.01% B2= 12.46% B3= 14.20% STD=  0.73%
[CPU] B1=  9.74% B2= 11.12% B3= 11.11% STD=  0.65%
[CPU] B1=  8.73% B2=  9.45% B3=  8.54% STD=  0.39%
[CPU] B1= 11.67% B2= 11.37% B3= 11.22% STD=  0.19%
[CPU] B1= 12.24% B2= 12.11% B3=  8.80% STD=  1.59%
[CPU] B1= 11.30% B2= 12.23% B3=  9.93% STD=  0.94%
[CPU] B1= 13.19% B2= 12.37% B3= 13.16% STD=  0.38%
[CPU] B1= 15.91% B2= 13.15% B3= 11.74% STD=  1.73%
[CPU] B1= 13.73% B2= 11.36% B3= 12.32% STD=  0.97%
[CPU] B1= 12.72% B2= 14.66% B3= 12.73% STD=  0.91%
[CPU] B1= 12.82% B2= 13.47% B3= 16.14% STD=  1.44%
[CPU] B1= 13.73% B2= 13.93% B3= 13.79% STD=  0.08%
[CPU] B1= 10.06% B2= 11.77% B3= 10.63% STD=  0.71%
[CPU] B1= 12.60% B2= 13.09% B3= 13.56% STD=  0.39%
[CPU] B1= 13.25% B2= 11.46% B3= 15.26% STD=  1.55%
[CPU] B1= 11.41% B2= 10.80% B3= 10.87% STD=  0.27%
[CPU] B1= 12.85% B2= 13.72% B3= 13.59% STD=  0.38%
[CPU] B1= 11.65% B2= 10.90% B3= 13.85% STD=  1.25%
[CPU] B1= 12.02% B2= 11.85% B3= 11.98% STD=  0.07%
[CPU] B1= 11.41% B2= 10.86% B3= 10.95% STD=  0.24%
[CPU] B1= 11.03% B2= 12.44% B3= 10.75% STD=  0.74%
[CPU] B1= 11.92% B2=  9.75% B3=  9.81% STD=  1.01%
[CPU] B1=  9.20% B2=  9.48% B3=  8.31% STD=  0.50%
[CPU] B1=  3.54% B2=  3.72% B3=  0.87% STD=  1.30%

============================================================
BACKEND CPU MONITOR SUMMARY
============================================================
Samples:             27
Average CPU:         11.30%
Average CPU STDDEV:  0.77%
Peak CPU STDDEV:     1.73%
Saved:               scripts/results/cpu/backend_cpu_20260928_081450.csv
============================================================
